[2019-02-19T17:39:25.242+0500][gc] Using Concurrent Mark Sweep
[2019-02-19T17:39:25.242+0500][gc,heap,coops] Heap address: 0x0000000740000000, size: 3072 MB, Compressed Oops mode: Zero based, Oop shift amount: 3
[2019-02-19T17:39:27.278+0500][gc,start     ] GC(0) Pause Initial Mark
[2019-02-19T17:39:27.299+0500][gc           ] GC(0) Pause Initial Mark 99M->99M(243M) 20.428ms
[2019-02-19T17:39:27.299+0500][gc,cpu       ] GC(0) User=0.02s Sys=0.00s Real=0.02s
[2019-02-19T17:39:27.299+0500][gc           ] GC(0) Concurrent Mark
[2019-02-19T17:39:27.299+0500][gc,task      ] GC(0) Using 2 workers of 2 for marking
[2019-02-19T17:39:27.299+0500][gc           ] GC(0) Concurrent Mark 0.205ms
[2019-02-19T17:39:27.299+0500][gc,cpu       ] GC(0) User=0.00s Sys=0.01s Real=0.00s
[2019-02-19T17:39:27.299+0500][gc           ] GC(0) Concurrent Preclean
[2019-02-19T17:39:27.299+0500][gc           ] GC(0) Concurrent Preclean 0.442ms
[2019-02-19T17:39:27.299+0500][gc,cpu       ] GC(0) User=0.00s Sys=0.00s Real=0.00s
[2019-02-19T17:39:27.299+0500][gc           ] GC(0) Concurrent Abortable Preclean
[2019-02-19T17:39:27.300+0500][gc,start     ] GC(1) Pause Young (Allocation Failure)
[2019-02-19T17:39:27.300+0500][gc,task      ] GC(1) Using 5 workers of 8 for evacuation
[2019-02-19T17:39:27.318+0500][gc,heap      ] GC(1) ParNew: 104960K->13054K(118016K)
[2019-02-19T17:39:27.318+0500][gc,heap      ] GC(1) CMS: 0K->2555K(131072K)
[2019-02-19T17:39:27.318+0500][gc,metaspace ] GC(1) Metaspace: 26503K->26503K(1073152K)
[2019-02-19T17:39:27.318+0500][gc           ] GC(1) Pause Young (Allocation Failure) 102M->15M(243M) 18.026ms
[2019-02-19T17:39:27.318+0500][gc,cpu       ] GC(1) User=0.05s Sys=0.01s Real=0.01s
[2019-02-19T17:39:28.145+0500][gc           ] GC(0) Concurrent Abortable Preclean 845.524ms
[2019-02-19T17:39:28.145+0500][gc,cpu       ] GC(0) User=3.04s Sys=0.10s Real=0.85s
[2019-02-19T17:39:28.145+0500][gc,start     ] GC(0) Pause Remark
[2019-02-19T17:39:28.145+0500][gc,start     ] GC(2) Pause Young (CMS Final Remark)
[2019-02-19T17:39:28.145+0500][gc,task      ] GC(2) Using 5 workers of 8 for evacuation
[2019-02-19T17:39:28.166+0500][gc,heap      ] GC(2) ParNew: 85487K->5727K(118016K)
[2019-02-19T17:39:28.166+0500][gc,heap      ] GC(2) CMS: 2555K->15918K(131072K)
[2019-02-19T17:39:28.166+0500][gc,metaspace ] GC(2) Metaspace: 30725K->30725K(1077248K)
[2019-02-19T17:39:28.166+0500][gc           ] GC(2) Pause Young (CMS Final Remark) 85M->21M(243M) 20.570ms
[2019-02-19T17:39:28.166+0500][gc,cpu       ] GC(2) User=0.09s Sys=0.02s Real=0.02s
[2019-02-19T17:39:28.174+0500][gc           ] GC(0) Pause Remark 85M->21M(243M) 29.318ms
[2019-02-19T17:39:28.175+0500][gc,cpu       ] GC(0) User=0.12s Sys=0.02s Real=0.03s
[2019-02-19T17:39:28.175+0500][gc           ] GC(0) Concurrent Sweep
[2019-02-19T17:39:28.181+0500][gc           ] GC(0) Concurrent Sweep 6.430ms
[2019-02-19T17:39:28.181+0500][gc,cpu       ] GC(0) User=0.03s Sys=0.00s Real=0.01s
[2019-02-19T17:39:28.181+0500][gc           ] GC(0) Concurrent Reset
[2019-02-19T17:39:28.203+0500][gc           ] GC(0) Concurrent Reset 21.799ms
[2019-02-19T17:39:28.203+0500][gc,cpu       ] GC(0) User=0.09s Sys=0.02s Real=0.02s
[2019-02-19T17:39:28.203+0500][gc,heap      ] GC(0) Old: 0K->15918K(131072K)
[2019-02-19T17:39:34.413+0500][gc,start     ] GC(3) Pause Young (Allocation Failure)
[2019-02-19T17:39:34.413+0500][gc,task      ] GC(3) Using 8 workers of 8 for evacuation
[2019-02-19T17:39:34.419+0500][gc,heap      ] GC(3) ParNew: 110687K->8583K(118016K)
[2019-02-19T17:39:34.419+0500][gc,heap      ] GC(3) CMS: 15918K->15918K(131072K)
[2019-02-19T17:39:34.419+0500][gc,metaspace ] GC(3) Metaspace: 43521K->43521K(1089536K)
[2019-02-19T17:39:34.419+0500][gc           ] GC(3) Pause Young (Allocation Failure) 123M->23M(243M) 6.286ms
[2019-02-19T17:39:34.419+0500][gc,cpu       ] GC(3) User=0.04s Sys=0.00s Real=0.00s
[2019-02-19T17:39:36.419+0500][gc,start     ] GC(4) Pause Initial Mark
[2019-02-19T17:39:36.423+0500][gc           ] GC(4) Pause Initial Mark 83M->83M(243M) 4.633ms
[2019-02-19T17:39:36.423+0500][gc,cpu       ] GC(4) User=0.03s Sys=0.00s Real=0.01s
[2019-02-19T17:39:36.423+0500][gc           ] GC(4) Concurrent Mark
[2019-02-19T17:39:36.424+0500][gc,task      ] GC(4) Using 2 workers of 2 for marking
[2019-02-19T17:39:36.433+0500][gc           ] GC(4) Concurrent Mark 9.349ms
[2019-02-19T17:39:36.433+0500][gc,cpu       ] GC(4) User=0.04s Sys=0.00s Real=0.01s
[2019-02-19T17:39:36.433+0500][gc           ] GC(4) Concurrent Preclean
[2019-02-19T17:39:36.435+0500][gc           ] GC(4) Concurrent Preclean 1.985ms
[2019-02-19T17:39:36.435+0500][gc,cpu       ] GC(4) User=0.01s Sys=0.00s Real=0.00s
[2019-02-19T17:39:36.435+0500][gc           ] GC(4) Concurrent Abortable Preclean
[2019-02-19T17:39:41.451+0500][gc           ] GC(4) Concurrent Abortable Preclean 5016.417ms
[2019-02-19T17:39:41.451+0500][gc,cpu       ] GC(4) User=2.61s Sys=0.05s Real=5.02s
[2019-02-19T17:39:41.452+0500][gc,start     ] GC(4) Pause Remark
[2019-02-19T17:39:41.452+0500][gc,start     ] GC(5) Pause Young (CMS Final Remark)
[2019-02-19T17:39:41.452+0500][gc,task      ] GC(5) Using 8 workers of 8 for evacuation
[2019-02-19T17:39:41.460+0500][gc,heap      ] GC(5) ParNew: 95118K->11733K(118016K)
[2019-02-19T17:39:41.460+0500][gc,heap      ] GC(5) CMS: 15918K->18501K(131072K)
[2019-02-19T17:39:41.460+0500][gc,metaspace ] GC(5) Metaspace: 56486K->56486K(1099776K)
[2019-02-19T17:39:41.460+0500][gc           ] GC(5) Pause Young (CMS Final Remark) 108M->29M(243M) 8.940ms
[2019-02-19T17:39:41.461+0500][gc,cpu       ] GC(5) User=0.06s Sys=0.00s Real=0.01s
[2019-02-19T17:39:41.473+0500][gc           ] GC(4) Pause Remark 108M->29M(243M) 21.298ms
[2019-02-19T17:39:41.473+0500][gc,cpu       ] GC(4) User=0.08s Sys=0.00s Real=0.02s
[2019-02-19T17:39:41.473+0500][gc           ] GC(4) Concurrent Sweep
[2019-02-19T17:39:41.478+0500][gc           ] GC(4) Concurrent Sweep 4.821ms
[2019-02-19T17:39:41.478+0500][gc,cpu       ] GC(4) User=0.01s Sys=0.00s Real=0.00s
[2019-02-19T17:39:41.478+0500][gc           ] GC(4) Concurrent Reset
[2019-02-19T17:39:41.480+0500][gc           ] GC(4) Concurrent Reset 2.647ms
[2019-02-19T17:39:41.481+0500][gc,cpu       ] GC(4) User=0.00s Sys=0.00s Real=0.01s
[2019-02-19T17:39:41.481+0500][gc,heap      ] GC(4) Old: 15918K->18355K(131072K)
[2019-02-19T20:35:33.929+0500][gc,heap,exit ] Heap
[2019-02-19T20:35:33.931+0500][gc,heap,exit ]  par new generation   total 118016K, used 92304K [0x0000000740000000, 0x0000000748000000, 0x00000007a0000000)
[2019-02-19T20:35:33.931+0500][gc,heap,exit ]   eden space 104960K,  76% used [0x0000000740000000, 0x0000000744eaeae0, 0x0000000746680000)
[2019-02-19T20:35:33.931+0500][gc,heap,exit ]   from space 13056K,  89% used [0x0000000746680000, 0x00000007471f5678, 0x0000000747340000)
[2019-02-19T20:35:33.931+0500][gc,heap,exit ]   to   space 13056K,   0% used [0x0000000747340000, 0x0000000747340000, 0x0000000748000000)
[2019-02-19T20:35:33.931+0500][gc,heap,exit ]  concurrent mark-sweep generation total 131072K, used 18355K [0x00000007a0000000, 0x00000007a8000000, 0x0000000800000000)
[2019-02-19T20:35:33.931+0500][gc,heap,exit ]  Metaspace       used 57090K, capacity 58498K, committed 58936K, reserved 1101824K
[2019-02-19T20:35:33.931+0500][gc,heap,exit ]   class space    used 6863K, capacity 7403K, committed 7472K, reserved 1048576K
