[2019-02-19T15:35:44.893+0500][gc] Using Concurrent Mark Sweep
[2019-02-19T15:35:44.893+0500][gc,heap,coops] Heap address: 0x0000000740000000, size: 3072 MB, Compressed Oops mode: Zero based, Oop shift amount: 3
[2019-02-19T15:36:18.757+0500][gc,heap,exit ] Heap
[2019-02-19T15:36:18.758+0500][gc,heap,exit ]  par new generation   total 118016K, used 63593K [0x0000000740000000, 0x0000000748000000, 0x00000007a0000000)
[2019-02-19T15:36:18.758+0500][gc,heap,exit ]   eden space 104960K,  60% used [0x0000000740000000, 0x0000000743e1a628, 0x0000000746680000)
[2019-02-19T15:36:18.758+0500][gc,heap,exit ]   from space 13056K,   0% used [0x0000000746680000, 0x0000000746680000, 0x0000000747340000)
[2019-02-19T15:36:18.758+0500][gc,heap,exit ]   to   space 13056K,   0% used [0x0000000747340000, 0x0000000747340000, 0x0000000748000000)
[2019-02-19T15:36:18.758+0500][gc,heap,exit ]  concurrent mark-sweep generation total 131072K, used 0K [0x00000007a0000000, 0x00000007a8000000, 0x0000000800000000)
[2019-02-19T15:36:18.758+0500][gc,heap,exit ]  Metaspace       used 17073K, capacity 17397K, committed 17664K, reserved 1064960K
[2019-02-19T15:36:18.758+0500][gc,heap,exit ]   class space    used 1800K, capacity 1927K, committed 2048K, reserved 1048576K
