[2019-02-19T17:26:10.557+0500][gc] Using Concurrent Mark Sweep
[2019-02-19T17:26:10.557+0500][gc,heap,coops] Heap address: 0x0000000740000000, size: 3072 MB, Compressed Oops mode: Zero based, Oop shift amount: 3
[2019-02-19T17:26:12.595+0500][gc,start     ] GC(0) Pause Initial Mark
[2019-02-19T17:26:12.617+0500][gc           ] GC(0) Pause Initial Mark 99M->99M(243M) 21.739ms
[2019-02-19T17:26:12.617+0500][gc,cpu       ] GC(0) User=0.02s Sys=0.00s Real=0.02s
[2019-02-19T17:26:12.617+0500][gc           ] GC(0) Concurrent Mark
[2019-02-19T17:26:12.617+0500][gc,task      ] GC(0) Using 2 workers of 2 for marking
[2019-02-19T17:26:12.617+0500][gc           ] GC(0) Concurrent Mark 0.386ms
[2019-02-19T17:26:12.617+0500][gc,cpu       ] GC(0) User=0.00s Sys=0.00s Real=0.00s
[2019-02-19T17:26:12.617+0500][gc           ] GC(0) Concurrent Preclean
[2019-02-19T17:26:12.618+0500][gc           ] GC(0) Concurrent Preclean 0.436ms
[2019-02-19T17:26:12.618+0500][gc,cpu       ] GC(0) User=0.00s Sys=0.00s Real=0.00s
[2019-02-19T17:26:12.618+0500][gc           ] GC(0) Concurrent Abortable Preclean
[2019-02-19T17:26:12.641+0500][gc,start     ] GC(1) Pause Young (Allocation Failure)
[2019-02-19T17:26:12.641+0500][gc,task      ] GC(1) Using 5 workers of 8 for evacuation
[2019-02-19T17:26:12.661+0500][gc,heap      ] GC(1) ParNew: 104960K->13055K(118016K)
[2019-02-19T17:26:12.661+0500][gc,heap      ] GC(1) CMS: 0K->2637K(131072K)
[2019-02-19T17:26:12.661+0500][gc,metaspace ] GC(1) Metaspace: 26545K->26545K(1073152K)
[2019-02-19T17:26:12.661+0500][gc           ] GC(1) Pause Young (Allocation Failure) 102M->15M(243M) 19.901ms
[2019-02-19T17:26:12.661+0500][gc,cpu       ] GC(1) User=0.06s Sys=0.02s Real=0.02s
[2019-02-19T17:26:13.478+0500][gc           ] GC(0) Concurrent Abortable Preclean 860.183ms
[2019-02-19T17:26:13.478+0500][gc,cpu       ] GC(0) User=2.73s Sys=0.10s Real=0.86s
[2019-02-19T17:26:13.478+0500][gc,start     ] GC(0) Pause Remark
[2019-02-19T17:26:13.478+0500][gc,start     ] GC(2) Pause Young (CMS Final Remark)
[2019-02-19T17:26:13.478+0500][gc,task      ] GC(2) Using 5 workers of 8 for evacuation
[2019-02-19T17:26:13.495+0500][gc,heap      ] GC(2) ParNew: 86580K->5356K(118016K)
[2019-02-19T17:26:13.495+0500][gc,heap      ] GC(2) CMS: 2637K->15893K(131072K)
[2019-02-19T17:26:13.495+0500][gc,metaspace ] GC(2) Metaspace: 30788K->30788K(1077248K)
[2019-02-19T17:26:13.495+0500][gc           ] GC(2) Pause Young (CMS Final Remark) 87M->20M(243M) 17.360ms
[2019-02-19T17:26:13.495+0500][gc,cpu       ] GC(2) User=0.07s Sys=0.01s Real=0.02s
[2019-02-19T17:26:13.504+0500][gc           ] GC(0) Pause Remark 87M->20M(243M) 25.896ms
[2019-02-19T17:26:13.504+0500][gc,cpu       ] GC(0) User=0.10s Sys=0.01s Real=0.03s
[2019-02-19T17:26:13.504+0500][gc           ] GC(0) Concurrent Sweep
[2019-02-19T17:26:13.510+0500][gc           ] GC(0) Concurrent Sweep 5.963ms
[2019-02-19T17:26:13.510+0500][gc,cpu       ] GC(0) User=0.03s Sys=0.01s Real=0.01s
[2019-02-19T17:26:13.510+0500][gc           ] GC(0) Concurrent Reset
[2019-02-19T17:26:13.527+0500][gc           ] GC(0) Concurrent Reset 16.906ms
[2019-02-19T17:26:13.527+0500][gc,cpu       ] GC(0) User=0.08s Sys=0.01s Real=0.01s
[2019-02-19T17:26:13.527+0500][gc,heap      ] GC(0) Old: 0K->15893K(131072K)
[2019-02-19T17:26:19.702+0500][gc,start     ] GC(3) Pause Young (Allocation Failure)
[2019-02-19T17:26:19.703+0500][gc,task      ] GC(3) Using 8 workers of 8 for evacuation
[2019-02-19T17:26:19.709+0500][gc,heap      ] GC(3) ParNew: 110316K->8581K(118016K)
[2019-02-19T17:26:19.709+0500][gc,heap      ] GC(3) CMS: 15893K->15893K(131072K)
[2019-02-19T17:26:19.709+0500][gc,metaspace ] GC(3) Metaspace: 43675K->43675K(1089536K)
[2019-02-19T17:26:19.709+0500][gc           ] GC(3) Pause Young (Allocation Failure) 123M->23M(243M) 6.336ms
[2019-02-19T17:26:19.709+0500][gc,cpu       ] GC(3) User=0.04s Sys=0.00s Real=0.00s
[2019-02-19T17:26:21.708+0500][gc,start     ] GC(4) Pause Initial Mark
[2019-02-19T17:26:21.715+0500][gc           ] GC(4) Pause Initial Mark 78M->78M(243M) 6.226ms
[2019-02-19T17:26:21.715+0500][gc,cpu       ] GC(4) User=0.03s Sys=0.00s Real=0.01s
[2019-02-19T17:26:21.715+0500][gc           ] GC(4) Concurrent Mark
[2019-02-19T17:26:21.715+0500][gc,task      ] GC(4) Using 2 workers of 2 for marking
[2019-02-19T17:26:21.722+0500][gc           ] GC(4) Concurrent Mark 7.153ms
[2019-02-19T17:26:21.722+0500][gc,cpu       ] GC(4) User=0.02s Sys=0.00s Real=0.01s
[2019-02-19T17:26:21.722+0500][gc           ] GC(4) Concurrent Preclean
[2019-02-19T17:26:21.723+0500][gc           ] GC(4) Concurrent Preclean 1.361ms
[2019-02-19T17:26:21.723+0500][gc,cpu       ] GC(4) User=0.00s Sys=0.00s Real=0.00s
[2019-02-19T17:26:21.724+0500][gc           ] GC(4) Concurrent Abortable Preclean
[2019-02-19T17:26:26.725+0500][gc           ] GC(4) Concurrent Abortable Preclean 5001.040ms
[2019-02-19T17:26:26.725+0500][gc,cpu       ] GC(4) User=2.49s Sys=0.05s Real=5.00s
[2019-02-19T17:26:26.725+0500][gc,start     ] GC(4) Pause Remark
[2019-02-19T17:26:26.725+0500][gc,start     ] GC(5) Pause Young (CMS Final Remark)
[2019-02-19T17:26:26.725+0500][gc,task      ] GC(5) Using 8 workers of 8 for evacuation
[2019-02-19T17:26:26.737+0500][gc,heap      ] GC(5) ParNew: 84504K->11026K(118016K)
[2019-02-19T17:26:26.738+0500][gc,heap      ] GC(5) CMS: 15893K->18423K(131072K)
[2019-02-19T17:26:26.738+0500][gc,metaspace ] GC(5) Metaspace: 55021K->55021K(1099776K)
[2019-02-19T17:26:26.738+0500][gc           ] GC(5) Pause Young (CMS Final Remark) 98M->28M(243M) 12.606ms
[2019-02-19T17:26:26.738+0500][gc,cpu       ] GC(5) User=0.07s Sys=0.01s Real=0.01s
[2019-02-19T17:26:26.761+0500][gc           ] GC(4) Pause Remark 98M->28M(243M) 35.760ms
[2019-02-19T17:26:26.761+0500][gc,cpu       ] GC(4) User=0.11s Sys=0.01s Real=0.04s
[2019-02-19T17:26:26.761+0500][gc           ] GC(4) Concurrent Sweep
[2019-02-19T17:26:26.767+0500][gc           ] GC(4) Concurrent Sweep 6.558ms
[2019-02-19T17:26:26.767+0500][gc,cpu       ] GC(4) User=0.01s Sys=0.00s Real=0.00s
[2019-02-19T17:26:26.768+0500][gc           ] GC(4) Concurrent Reset
[2019-02-19T17:26:26.770+0500][gc           ] GC(4) Concurrent Reset 2.891ms
[2019-02-19T17:26:26.770+0500][gc,cpu       ] GC(4) User=0.00s Sys=0.00s Real=0.01s
[2019-02-19T17:26:26.771+0500][gc,heap      ] GC(4) Old: 15893K->18282K(131072K)
[2019-02-19T17:37:39.083+0500][gc,heap,exit ] Heap
[2019-02-19T17:37:39.084+0500][gc,heap,exit ]  par new generation   total 118016K, used 48066K [0x0000000740000000, 0x0000000748000000, 0x00000007a0000000)
[2019-02-19T17:37:39.084+0500][gc,heap,exit ]   eden space 104960K,  35% used [0x0000000740000000, 0x000000074242bf60, 0x0000000746680000)
[2019-02-19T17:37:39.084+0500][gc,heap,exit ]   from space 13056K,  84% used [0x0000000746680000, 0x0000000747144930, 0x0000000747340000)
[2019-02-19T17:37:39.084+0500][gc,heap,exit ]   to   space 13056K,   0% used [0x0000000747340000, 0x0000000747340000, 0x0000000748000000)
[2019-02-19T17:37:39.084+0500][gc,heap,exit ]  concurrent mark-sweep generation total 131072K, used 18282K [0x00000007a0000000, 0x00000007a8000000, 0x0000000800000000)
[2019-02-19T17:37:39.084+0500][gc,heap,exit ]  Metaspace       used 57120K, capacity 58481K, committed 58860K, reserved 1101824K
[2019-02-19T17:37:39.084+0500][gc,heap,exit ]   class space    used 6862K, capacity 7396K, committed 7496K, reserved 1048576K
